> add_row(tibble(), a = 1)
<tibble_error_incompatible_new_rows/tibble_error/rlang_error/error/condition>
Error: New rows can't add columns.
x Can't find column `a` in `.data`.

> add_row(tibble(), a = 1, b = 2)
<tibble_error_incompatible_new_rows/tibble_error/rlang_error/error/condition>
Error: New rows can't add columns.
x Can't find columns `a` and `b` in `.data`.

> add_row(tibble(), !!!set_names(letters))
<tibble_error_incompatible_new_rows/tibble_error/rlang_error/error/condition>
Error: New rows can't add columns.
x Can't find columns `a`, `b`, `c`, `d`, `e`, and 21 more in `.data`.

> add_row(dplyr::group_by(tibble(a = 1), a))
<tibble_error_add_rows_to_grouped_df/tibble_error/rlang_error/error/condition>
Error: Can't add rows to grouped data frames.

> add_row(tibble(a = 1), a = 2, .before = 1, .after = 1)
<tibble_error_both_before_after/tibble_error/rlang_error/error/condition>
Error: Can't specify both `.before` and `.after`.

> add_column(tibble(a = 1), a = 1)
<tibble_error_column_duplicated/tibble_error/rlang_error/error/condition>
Error: Column name `a` must not be duplicated.

> add_column(tibble(a = 1, b = 2), a = 1, b = 2)
<tibble_error_column_duplicated/tibble_error/rlang_error/error/condition>
Error: Column names `a` and `b` must not be duplicated.

> add_column(tibble(!!!set_names(letters)), !!!set_names(letters))
<tibble_error_column_duplicated/tibble_error/rlang_error/error/condition>
Error: Column names `a`, `b`, `c`, `d`, `e`, and 21 more must not be duplicated.

> add_column(tibble(a = 2:3), b = 4:6)
<tibble_error_incompatible_new_cols/tibble_error/rlang_error/error/condition>
Error: New columns must be compatible with `.data`.
x New column has 3 rows.
i `.data` has 2 rows.

> add_column(tibble(a = 1), b = 1, .before = 1, .after = 1)
<tibble_error_both_before_after/tibble_error/rlang_error/error/condition>
Error: Can't specify both `.before` and `.after`.

