> repaired_names(letters[1:3])
[1] "a" "b" "c"

> repaired_names("")
<tibble_error_column_must_be_named/tibble_error/rlang_error/error/condition>
Error: Column 1 must be named.

> repaired_names(c("a", "a"))
<tibble_error_column_duplicated/tibble_error/rlang_error/error/condition>
Error: Column name `a` must not be duplicated.

> repaired_names("..1")
<tibble_error_column_must_not_be_dot_dot/tibble_error/rlang_error/error/condition>
Error: Column 1 must not have names of the form ... or ..j.

> repaired_names(c("a", "a"), .name_repair = "universal")
Message: New names:
* a -> a...1
* a -> a...2

[1] "a...1" "a...2"

> repaired_names(c("a", "a"), .name_repair = "universal", quiet = TRUE)
[1] "a...1" "a...2"

> repaired_names(c("if"), .name_repair = "universal")
Message: New names:
* `if` -> .if

[1] ".if"

